// Jest Snapshot v1, https://goo.gl/fbAQLP

exports[`TurtleEnableBar should match snapshot 1`] = `<styled.div />`;

exports[`TurtleEnableBar should render all turtles as <TurtleEnableButton /> components 1`] = `
<TurtleEnableBar
  onTurtleEnableChange={[Function]}
  turtles={
    Array [
      Object {
        "enabled": false,
        "id": "1",
      },
      Object {
        "enabled": false,
        "id": "2",
      },
      Object {
        "enabled": false,
        "id": "3",
      },
    ]
  }
>
  <styled.div>
    <div
      className="sc-bwzfXH dcYrIO"
    >
      <TurtleEnableButton
        enabled={false}
        id="1"
        key="1"
        onTurtleEnableChange={[Function]}
      >
        <styled.button
          isActive={false}
          onClick={[Function]}
        >
          <button
            className="sc-bdVaJa jgxkes"
            onClick={[Function]}
          >
            1
          </button>
        </styled.button>
      </TurtleEnableButton>
      <TurtleEnableButton
        enabled={false}
        id="2"
        key="2"
        onTurtleEnableChange={[Function]}
      >
        <styled.button
          isActive={false}
          onClick={[Function]}
        >
          <button
            className="sc-bdVaJa jgxkes"
            onClick={[Function]}
          >
            2
          </button>
        </styled.button>
      </TurtleEnableButton>
      <TurtleEnableButton
        enabled={false}
        id="3"
        key="3"
        onTurtleEnableChange={[Function]}
      >
        <styled.button
          isActive={false}
          onClick={[Function]}
        >
          <button
            className="sc-bdVaJa jgxkes"
            onClick={[Function]}
          >
            3
          </button>
        </styled.button>
      </TurtleEnableButton>
    </div>
  </styled.div>
</TurtleEnableBar>
`;
